#-----------------------------------------------------------
# Vivado v2018.2 (64-bit)
# SW Build 2258646 on Thu Jun 14 20:03:12 MDT 2018
# IP Build 2256618 on Thu Jun 14 22:10:49 MDT 2018
# Start of session at: Mon Dec 17 18:11:31 2018
# Process ID: 12148
# Current directory: F:/pci dream/PCI
# Command line: vivado.exe -gui_launcher_event rodinguilauncherevent15912 F:\pci dream\PCI\PCI.xpr
# Log file: F:/pci dream/PCI/vivado.log
# Journal file: F:/pci dream/PCI\vivado.jou
#-----------------------------------------------------------
start_gui
open_project {F:/pci dream/PCI/PCI.xpr}
update_compile_order -fileset sources_1
launch_simulation
source tb_arbiter_FCFS.tcl
close_sim
launch_simulation
source tb_arbiter_FCFS.tcl
close_sim
launch_simulation
source tb_arbiter_FCFS.tcl
close_sim
launch_simulation
source tb_arbiter_FCFS.tcl
close_sim
launch_simulation
source tb_arbiter_FCFS.tcl
close_sim
launch_simulation
source tb_arbiter_FCFS.tcl
close_sim
launch_simulation
launch_simulation
source tb_arbiter_FCFS.tcl
close_sim
launch_simulation
source tb_arbiter_FCFS.tcl
close_sim
launch_simulation
source tb_arbiter_FCFS.tcl
close_sim
launch_simulation
source tb_arbiter_FCFS.tcl
close_sim
launch_simulation
source tb_arbiter_FCFS.tcl
close_sim
launch_simulation
source tb_arbiter_FCFS.tcl
close_sim
launch_simulation
source tb_arbiter_FCFS.tcl
close_sim
launch_simulation
source tb_arbiter_FCFS.tcl
close_sim
launch_simulation
source tb_arbiter_FCFS.tcl
close_sim
launch_simulation
source tb_arbiter_FCFS.tcl
close_sim
launch_simulation
source tb_arbiter_FCFS.tcl
close_sim
launch_simulation
source tb_arbiter_FCFS.tcl
